Archive member included to satisfy reference by file (symbol)

c:/program files/microchip/xc8/v2.31/avr/bin/../lib/gcc/avr/5.4.0/avr5/memx-const\libgcc.a(_exit.o)
                              E:/AtmelStudio/7.0/Packs/atmel/ATmega_DFP/1.6.364/xc8/avr/lib/avr5/memx-const/crtatmega32.o (exit)
c:/program files/microchip/xc8/v2.31/avr/bin/../lib/gcc/avr/5.4.0/avr5/memx-const\libgcc.a(_copy_data.o)
                              ECUAL/Delay/delay.o (__do_copy_data)

Discarded input sections

 .data          0x0000000000000000        0x0 E:/AtmelStudio/7.0/Packs/atmel/ATmega_DFP/1.6.364/xc8/avr/lib/avr5/memx-const/crtatmega32.o
 .bss           0x0000000000000000        0x0 E:/AtmelStudio/7.0/Packs/atmel/ATmega_DFP/1.6.364/xc8/avr/lib/avr5/memx-const/crtatmega32.o
 .text          0x0000000000000000        0x0 ECUAL/Delay/delay.o
 .data          0x0000000000000000        0x0 ECUAL/Delay/delay.o
 .bss           0x0000000000000000        0x0 ECUAL/Delay/delay.o
 .text          0x0000000000000000        0x0 ECUAL/Keypad/keypad.o
 .data          0x0000000000000000        0x0 ECUAL/Keypad/keypad.o
 .bss           0x0000000000000000        0x0 ECUAL/Keypad/keypad.o
 .text          0x0000000000000000        0x0 ECUAL/LCD/lcd.o
 .data          0x0000000000000000        0x0 ECUAL/LCD/lcd.o
 .bss           0x0000000000000000        0x0 ECUAL/LCD/lcd.o
 .text.LCD_intgerToString
                0x0000000000000000       0x44 ECUAL/LCD/lcd.o
 .text          0x0000000000000000        0x0 main.o
 .data          0x0000000000000000        0x0 main.o
 .bss           0x0000000000000000        0x0 main.o
 .text          0x0000000000000000        0x0 MCAL/DIO/DIO.o
 .data          0x0000000000000000        0x0 MCAL/DIO/DIO.o
 .bss           0x0000000000000000        0x0 MCAL/DIO/DIO.o
 .text.DIO_TogglePinValue
                0x0000000000000000       0x68 MCAL/DIO/DIO.o
 .text.DIO_SetUpperHalfPortValue
                0x0000000000000000       0x38 MCAL/DIO/DIO.o
 .text.DIO_SetLowerHalfPortValue
                0x0000000000000000       0x38 MCAL/DIO/DIO.o
 .text.DIO_GetPortValue
                0x0000000000000000       0x24 MCAL/DIO/DIO.o
 .text          0x0000000000000000        0x0 MCAL/timer/timer.o
 .data          0x0000000000000000        0x0 MCAL/timer/timer.o
 .bss           0x0000000000000000        0x0 MCAL/timer/timer.o
 .text.Timer0_Overflow_ISR_setCallBack
                0x0000000000000000        0x2 MCAL/timer/timer.o
 .text.Timer0_CTC_ISR_setCallBack
                0x0000000000000000        0xa MCAL/timer/timer.o
 .text.Timer2_CTC_ISR_setCallBack
                0x0000000000000000        0xa MCAL/timer/timer.o
 .text.Timer1_Overflow_ISR_setCallBack
                0x0000000000000000        0x2 MCAL/timer/timer.o
 .text.Timer1_COMPA_ISR_setCallBack
                0x0000000000000000        0xa MCAL/timer/timer.o
 .text.Timer1_COMPB_ISR_setCallBack
                0x0000000000000000        0x2 MCAL/timer/timer.o
 .text.Timer0_CTC_flag
                0x0000000000000000       0x10 MCAL/timer/timer.o
 .text.Timer0_OV_flag
                0x0000000000000000       0x10 MCAL/timer/timer.o
 .text.Timer2_CTC_flag
                0x0000000000000000       0x10 MCAL/timer/timer.o
 .text.Timer2_OV_flag
                0x0000000000000000       0x10 MCAL/timer/timer.o
 .text.Timer1B_CTC_flag
                0x0000000000000000       0x10 MCAL/timer/timer.o
 .text          0x0000000000000000        0x0 c:/program files/microchip/xc8/v2.31/avr/bin/../lib/gcc/avr/5.4.0/avr5/memx-const\libgcc.a(_exit.o)
 .data          0x0000000000000000        0x0 c:/program files/microchip/xc8/v2.31/avr/bin/../lib/gcc/avr/5.4.0/avr5/memx-const\libgcc.a(_exit.o)
 .bss           0x0000000000000000        0x0 c:/program files/microchip/xc8/v2.31/avr/bin/../lib/gcc/avr/5.4.0/avr5/memx-const\libgcc.a(_exit.o)
 .text.libgcc.mul
                0x0000000000000000        0x0 c:/program files/microchip/xc8/v2.31/avr/bin/../lib/gcc/avr/5.4.0/avr5/memx-const\libgcc.a(_exit.o)
 .text.libgcc.div
                0x0000000000000000        0x0 c:/program files/microchip/xc8/v2.31/avr/bin/../lib/gcc/avr/5.4.0/avr5/memx-const\libgcc.a(_exit.o)
 .text.libgcc   0x0000000000000000        0x0 c:/program files/microchip/xc8/v2.31/avr/bin/../lib/gcc/avr/5.4.0/avr5/memx-const\libgcc.a(_exit.o)
 .text.libgcc.prologue
                0x0000000000000000        0x0 c:/program files/microchip/xc8/v2.31/avr/bin/../lib/gcc/avr/5.4.0/avr5/memx-const\libgcc.a(_exit.o)
 .text.libgcc.builtins
                0x0000000000000000        0x0 c:/program files/microchip/xc8/v2.31/avr/bin/../lib/gcc/avr/5.4.0/avr5/memx-const\libgcc.a(_exit.o)
 .text.libgcc.fmul
                0x0000000000000000        0x0 c:/program files/microchip/xc8/v2.31/avr/bin/../lib/gcc/avr/5.4.0/avr5/memx-const\libgcc.a(_exit.o)
 .text.libgcc.fixed
                0x0000000000000000        0x0 c:/program files/microchip/xc8/v2.31/avr/bin/../lib/gcc/avr/5.4.0/avr5/memx-const\libgcc.a(_exit.o)
 .text          0x0000000000000000        0x0 c:/program files/microchip/xc8/v2.31/avr/bin/../lib/gcc/avr/5.4.0/avr5/memx-const\libgcc.a(_copy_data.o)
 .data          0x0000000000000000        0x0 c:/program files/microchip/xc8/v2.31/avr/bin/../lib/gcc/avr/5.4.0/avr5/memx-const\libgcc.a(_copy_data.o)
 .bss           0x0000000000000000        0x0 c:/program files/microchip/xc8/v2.31/avr/bin/../lib/gcc/avr/5.4.0/avr5/memx-const\libgcc.a(_copy_data.o)
 .text.libgcc.mul
                0x0000000000000000        0x0 c:/program files/microchip/xc8/v2.31/avr/bin/../lib/gcc/avr/5.4.0/avr5/memx-const\libgcc.a(_copy_data.o)
 .text.libgcc.div
                0x0000000000000000        0x0 c:/program files/microchip/xc8/v2.31/avr/bin/../lib/gcc/avr/5.4.0/avr5/memx-const\libgcc.a(_copy_data.o)
 .text.libgcc   0x0000000000000000        0x0 c:/program files/microchip/xc8/v2.31/avr/bin/../lib/gcc/avr/5.4.0/avr5/memx-const\libgcc.a(_copy_data.o)
 .text.libgcc.prologue
                0x0000000000000000        0x0 c:/program files/microchip/xc8/v2.31/avr/bin/../lib/gcc/avr/5.4.0/avr5/memx-const\libgcc.a(_copy_data.o)
 .text.libgcc.builtins
                0x0000000000000000        0x0 c:/program files/microchip/xc8/v2.31/avr/bin/../lib/gcc/avr/5.4.0/avr5/memx-const\libgcc.a(_copy_data.o)
 .text.libgcc.fmul
                0x0000000000000000        0x0 c:/program files/microchip/xc8/v2.31/avr/bin/../lib/gcc/avr/5.4.0/avr5/memx-const\libgcc.a(_copy_data.o)
 .text.libgcc.fixed
                0x0000000000000000        0x0 c:/program files/microchip/xc8/v2.31/avr/bin/../lib/gcc/avr/5.4.0/avr5/memx-const\libgcc.a(_copy_data.o)

Memory Configuration

Name             Origin             Length             Attributes
text             0x0000000000000000 0x0000000000008000 xr
data             0x0000000000800060 0x0000000000000800 rw !x
eeprom           0x0000000000810000 0x0000000000000400 rw !x
fuse             0x0000000000820000 0x0000000000000002 rw !x
lock             0x0000000000830000 0x0000000000000400 rw !x
signature        0x0000000000840000 0x0000000000000400 rw !x
user_signatures  0x0000000000850000 0x0000000000000400 rw !x
*default*        0x0000000000000000 0xffffffffffffffff

Linker script and memory map

LOAD E:/AtmelStudio/7.0/Packs/atmel/ATmega_DFP/1.6.364/xc8/avr/lib/avr5/memx-const/crtatmega32.o
LOAD ECUAL/Delay/delay.o
LOAD ECUAL/Keypad/keypad.o
LOAD ECUAL/LCD/lcd.o
LOAD main.o
LOAD MCAL/DIO/DIO.o
LOAD MCAL/timer/timer.o
START GROUP
LOAD c:/program files/microchip/xc8/v2.31/avr/bin/../lib/gcc/avr/5.4.0/../../../../avr/lib/avr5/memx-const\libm.a
END GROUP
START GROUP
LOAD c:/program files/microchip/xc8/v2.31/avr/bin/../lib/gcc/avr/5.4.0/avr5/memx-const\libgcc.a
LOAD c:/program files/microchip/xc8/v2.31/avr/bin/../lib/gcc/avr/5.4.0/../../../../avr/lib/avr5/memx-const\libm.a
LOAD c:/program files/microchip/xc8/v2.31/avr/bin/../lib/gcc/avr/5.4.0/../../../../avr/lib/avr5/memx-const\libc.a
LOAD E:/AtmelStudio/7.0/Packs/atmel/ATmega_DFP/1.6.364/xc8/avr/lib/avr5/memx-const\libatmega32.a
END GROUP
                0x0000000000000000                __TEXT_REGION_ORIGIN__ = DEFINED (__TEXT_REGION_ORIGIN__)?__TEXT_REGION_ORIGIN__:0x0
                [0x0000000000800060]                __DATA_REGION_ORIGIN__ = DEFINED (__DATA_REGION_ORIGIN__)?__DATA_REGION_ORIGIN__:0x800060
                [0x0000000000008000]                __TEXT_REGION_LENGTH__ = DEFINED (__TEXT_REGION_LENGTH__)?__TEXT_REGION_LENGTH__:0x20000
                [0x0000000000000800]                __DATA_REGION_LENGTH__ = DEFINED (__DATA_REGION_LENGTH__)?__DATA_REGION_LENGTH__:0xffa0
                [0x0000000000000400]                __EEPROM_REGION_LENGTH__ = DEFINED (__EEPROM_REGION_LENGTH__)?__EEPROM_REGION_LENGTH__:0x10000
                [0x0000000000000002]                __FUSE_REGION_LENGTH__ = DEFINED (__FUSE_REGION_LENGTH__)?__FUSE_REGION_LENGTH__:0x400
                0x0000000000000400                __LOCK_REGION_LENGTH__ = DEFINED (__LOCK_REGION_LENGTH__)?__LOCK_REGION_LENGTH__:0x400
                0x0000000000000400                __SIGNATURE_REGION_LENGTH__ = DEFINED (__SIGNATURE_REGION_LENGTH__)?__SIGNATURE_REGION_LENGTH__:0x400
                0x0000000000000400                __USER_SIGNATURE_REGION_LENGTH__ = DEFINED (__USER_SIGNATURE_REGION_LENGTH__)?__USER_SIGNATURE_REGION_LENGTH__:0x400

.hash
 *(.hash)

.dynsym
 *(.dynsym)

.dynstr
 *(.dynstr)

.gnu.version
 *(.gnu.version)

.gnu.version_d
 *(.gnu.version_d)

.gnu.version_r
 *(.gnu.version_r)

.rel.init
 *(.rel.init)

.rela.init
 *(.rela.init)

.rel.text
 *(.rel.text)
 *(.rel.text.*)
 *(.rel.gnu.linkonce.t*)

.rela.text
 *(.rela.text)
 *(.rela.text.*)
 *(.rela.gnu.linkonce.t*)

.rel.fini
 *(.rel.fini)

.rela.fini
 *(.rela.fini)

.rel.rodata
 *(.rel.rodata)
 *(.rel.rodata.*)
 *(.rel.gnu.linkonce.r*)

.rela.rodata
 *(.rela.rodata)
 *(.rela.rodata.*)
 *(.rela.gnu.linkonce.r*)

.rel.data
 *(.rel.data)
 *(.rel.data.*)
 *(.rel.gnu.linkonce.d*)

.rela.data
 *(.rela.data)
 *(.rela.data.*)
 *(.rela.gnu.linkonce.d*)

.rel.ctors
 *(.rel.ctors)

.rela.ctors
 *(.rela.ctors)

.rel.dtors
 *(.rel.dtors)

.rela.dtors
 *(.rela.dtors)

.rel.got
 *(.rel.got)

.rela.got
 *(.rela.got)

.rel.bss
 *(.rel.bss)

.rela.bss
 *(.rela.bss)

.rel.plt
 *(.rel.plt)

.rela.plt
 *(.rela.plt)

.text           0x0000000000000000       0xb4
 *(.vectors)
 .vectors       0x0000000000000000       0x54 E:/AtmelStudio/7.0/Packs/atmel/ATmega_DFP/1.6.364/xc8/avr/lib/avr5/memx-const/crtatmega32.o
                0x0000000000000000                __vector_default
                0x0000000000000000                __vectors
 *(.vectors)
 *(.progmem.gcc*)
 *(.dinit)
 .dinit         0x0000000000000054        0xc data_init
                0x0000000000000060                . = ALIGN (0x2)
                0x0000000000000060                __trampolines_start = .
 *(.trampolines)
 .trampolines   0x0000000000000060        0x0 linker stubs
 *(.trampolines*)
                0x0000000000000060                __trampolines_end = .
 *libprintf_flt.a:*(.progmem.data)
 *libc.a:*(.progmem.data)
                0x0000000000000060                . = ALIGN (0x2)
 *(.jumptables)
 *(.jumptables*)
 *(.lowtext)
 *(.lowtext*)
                0x0000000000000060                __ctors_start = .
 *(.ctors)
                0x0000000000000060                __ctors_end = .
                0x0000000000000060                __dtors_start = .
 *(.dtors)
                0x0000000000000060                __dtors_end = .
 SORT(*)(.ctors)
 SORT(*)(.dtors)
 *(.init0)
 .init0         0x0000000000000060        0x0 E:/AtmelStudio/7.0/Packs/atmel/ATmega_DFP/1.6.364/xc8/avr/lib/avr5/memx-const/crtatmega32.o
                0x0000000000000060                __init
 *(.init0)
 *(.init1)
 *(.init1)
 *(.init2)
 .init2         0x0000000000000060        0xc E:/AtmelStudio/7.0/Packs/atmel/ATmega_DFP/1.6.364/xc8/avr/lib/avr5/memx-const/crtatmega32.o
 *(.init2)
 *(.init3)
 *(.init3)
 *(.init4)
 .init4         0x000000000000006c       0x3c c:/program files/microchip/xc8/v2.31/avr/bin/../lib/gcc/avr/5.4.0/avr5/memx-const\libgcc.a(_copy_data.o)
                0x000000000000006c                __do_copy_data
                0x000000000000009a                __do_clear_bss
 *(.init4)
 *(.init5)
 *(.init5)
 *(.init6)
 *(.init6)
 *(.init7)
 *(.init7)
 *(.init8)
 *(.init8)
 *(.init9)
 .init9         0x00000000000000a8        0x8 E:/AtmelStudio/7.0/Packs/atmel/ATmega_DFP/1.6.364/xc8/avr/lib/avr5/memx-const/crtatmega32.o
 *(.init9)
                0x00000000000000b0                . = ALIGN (0x2)
 *(.fini9)
 .fini9         0x00000000000000b0        0x0 c:/program files/microchip/xc8/v2.31/avr/bin/../lib/gcc/avr/5.4.0/avr5/memx-const\libgcc.a(_exit.o)
                0x00000000000000b0                _exit
                0x00000000000000b0                exit
 *(.fini9)
 *(.fini8)
 *(.fini8)
 *(.fini7)
 *(.fini7)
 *(.fini6)
 *(.fini6)
 *(.fini5)
 *(.fini5)
 *(.fini4)
 *(.fini4)
 *(.fini3)
 *(.fini3)
 *(.fini2)
 *(.fini2)
 *(.fini1)
 *(.fini1)
 *(.fini0)
 .fini0         0x00000000000000b0        0x4 c:/program files/microchip/xc8/v2.31/avr/bin/../lib/gcc/avr/5.4.0/avr5/memx-const\libgcc.a(_exit.o)
 *(.fini0)
                0x00000000000000b4                _etext = .

.data           0x0000000000800060        0x0 load address 0x00000000000000b4
                [!provide]                        PROVIDE (__data_start, .)
 *(.gnu.linkonce.d*)
 *(.gnu.linkonce.r*)
                0x0000000000800060                . = ALIGN (0x2)
                0x0000000000800060                _edata = .
                [!provide]                        PROVIDE (__data_end, .)

.bss            0x0000000000800060        0x0
                [!provide]                        PROVIDE (__bss_start, .)
 *(COMMON)
                [!provide]                        PROVIDE (__bss_end, .)
                0x00000000000000b4                __data_load_start = LOADADDR (.data)
                0x00000000000000b4                __data_load_end = (__data_load_start + SIZEOF (.data))

.noinit         0x0000000000800060        0x0
                [!provide]                        PROVIDE (__noinit_start, .)
 *(.noinit*)
                [!provide]                        PROVIDE (__noinit_end, .)
                0x0000000000800060                _end = .

.eeprom         0x0000000000810000        0x0
 *(.eeprom*)
                0x0000000000810000                __eeprom_end = .

.fuse
 *(.fuse)
 *(.lfuse)
 *(.hfuse)
 *(.efuse)

.lock
 *(.lock*)

.signature
 *(.signature*)

.user_signatures
 *(.user_signatures*)

.stab
 *(.stab)

.stabstr
 *(.stabstr)

.stab.excl
 *(.stab.excl)

.stab.exclstr
 *(.stab.exclstr)

.stab.index
 *(.stab.index)

.stab.indexstr
 *(.stab.indexstr)

.comment        0x0000000000000000       0x2f
 *(.comment)
 .comment       0x0000000000000000       0x2f ECUAL/Delay/delay.o
                                         0x30 (size before relaxing)
 .comment       0x000000000000002f       0x30 ECUAL/Keypad/keypad.o
 .comment       0x000000000000002f       0x30 ECUAL/LCD/lcd.o
 .comment       0x000000000000002f       0x30 main.o
 .comment       0x000000000000002f       0x30 MCAL/DIO/DIO.o
 .comment       0x000000000000002f       0x30 MCAL/timer/timer.o

.note.gnu.build-id
 *(.note.gnu.build-id)

.debug
 *(.debug)

.line
 *(.line)

.debug_srcinfo
 *(.debug_srcinfo)

.debug_sfnames
 *(.debug_sfnames)

.debug_aranges  0x0000000000000000      0x1c8
 *(.debug_aranges)
 .debug_aranges
                0x0000000000000000       0x28 ECUAL/Delay/delay.o
 .debug_aranges
                0x0000000000000028       0x28 ECUAL/Keypad/keypad.o
 .debug_aranges
                0x0000000000000050       0x60 ECUAL/LCD/lcd.o
 .debug_aranges
                0x00000000000000b0       0x20 main.o
 .debug_aranges
                0x00000000000000d0       0x60 MCAL/DIO/DIO.o
 .debug_aranges
                0x0000000000000130       0x98 MCAL/timer/timer.o

.debug_pubnames
 *(.debug_pubnames)

.debug_info     0x0000000000000000     0x2820
 *(.debug_info .gnu.linkonce.wi.*)
 .debug_info    0x0000000000000000      0x4e6 E:/AtmelStudio/7.0/Packs/atmel/ATmega_DFP/1.6.364/xc8/avr/lib/avr5/memx-const/crtatmega32.o
 .debug_info    0x00000000000004e6      0x4dc ECUAL/Delay/delay.o
 .debug_info    0x00000000000009c2      0x3cf ECUAL/Keypad/keypad.o
 .debug_info    0x0000000000000d91      0x8bb ECUAL/LCD/lcd.o
 .debug_info    0x000000000000164c      0x4f1 main.o
 .debug_info    0x0000000000001b3d      0x516 MCAL/DIO/DIO.o
 .debug_info    0x0000000000002053      0x7cd MCAL/timer/timer.o

.debug_abbrev   0x0000000000000000      0x99a
 *(.debug_abbrev)
 .debug_abbrev  0x0000000000000000      0x4a3 E:/AtmelStudio/7.0/Packs/atmel/ATmega_DFP/1.6.364/xc8/avr/lib/avr5/memx-const/crtatmega32.o
 .debug_abbrev  0x00000000000004a3       0xdf ECUAL/Delay/delay.o
 .debug_abbrev  0x0000000000000582       0xb8 ECUAL/Keypad/keypad.o
 .debug_abbrev  0x000000000000063a       0xfd ECUAL/LCD/lcd.o
 .debug_abbrev  0x0000000000000737       0xc2 main.o
 .debug_abbrev  0x00000000000007f9       0xab MCAL/DIO/DIO.o
 .debug_abbrev  0x00000000000008a4       0xf6 MCAL/timer/timer.o

.debug_line     0x0000000000000000      0xd35
 *(.debug_line .debug_line.* .debug_line_end)
 .debug_line    0x0000000000000000      0x119 E:/AtmelStudio/7.0/Packs/atmel/ATmega_DFP/1.6.364/xc8/avr/lib/avr5/memx-const/crtatmega32.o
 .debug_line    0x0000000000000119       0xe8 ECUAL/Delay/delay.o
 .debug_line    0x0000000000000201      0x10f ECUAL/Keypad/keypad.o
 .debug_line    0x0000000000000310      0x2b9 ECUAL/LCD/lcd.o
 .debug_line    0x00000000000005c9      0x130 main.o
 .debug_line    0x00000000000006f9      0x34b MCAL/DIO/DIO.o
 .debug_line    0x0000000000000a44      0x2f1 MCAL/timer/timer.o

.debug_frame    0x0000000000000000      0x480
 *(.debug_frame)
 .debug_frame   0x0000000000000000       0x7c ECUAL/Delay/delay.o
 .debug_frame   0x000000000000007c       0x40 ECUAL/Keypad/keypad.o
 .debug_frame   0x00000000000000bc      0x100 ECUAL/LCD/lcd.o
 .debug_frame   0x00000000000001bc       0x34 main.o
 .debug_frame   0x00000000000001f0       0xa4 MCAL/DIO/DIO.o
 .debug_frame   0x0000000000000294      0x1ec MCAL/timer/timer.o

.debug_str      0x0000000000000000      0x2e5
 *(.debug_str)
 .debug_str     0x0000000000000000      0x196 E:/AtmelStudio/7.0/Packs/atmel/ATmega_DFP/1.6.364/xc8/avr/lib/avr5/memx-const/crtatmega32.o
 .debug_str     0x0000000000000196       0x2c ECUAL/Delay/delay.o
 .debug_str     0x00000000000001c2       0x4a ECUAL/Keypad/keypad.o
 .debug_str     0x000000000000020c       0x53 ECUAL/LCD/lcd.o
 .debug_str     0x000000000000025f       0x5b main.o
 .debug_str     0x00000000000002ba       0x25 MCAL/DIO/DIO.o
 .debug_str     0x00000000000002df        0x6 MCAL/timer/timer.o

.debug_loc      0x0000000000000000      0xff4
 *(.debug_loc)
 .debug_loc     0x0000000000000000      0x1aa ECUAL/Delay/delay.o
 .debug_loc     0x00000000000001aa       0xcb ECUAL/Keypad/keypad.o
 .debug_loc     0x0000000000000275      0x412 ECUAL/LCD/lcd.o
 .debug_loc     0x0000000000000687       0xb1 main.o
 .debug_loc     0x0000000000000738      0x633 MCAL/DIO/DIO.o
 .debug_loc     0x0000000000000d6b      0x289 MCAL/timer/timer.o

.debug_macinfo
 *(.debug_macinfo)

.debug_weaknames
 *(.debug_weaknames)

.debug_funcnames
 *(.debug_funcnames)

.debug_typenames
 *(.debug_typenames)

.debug_varnames
 *(.debug_varnames)

.debug_pubtypes
 *(.debug_pubtypes)

.debug_ranges   0x0000000000000000      0x168
 *(.debug_ranges)
 .debug_ranges  0x0000000000000000       0x18 ECUAL/Delay/delay.o
 .debug_ranges  0x0000000000000018       0x18 ECUAL/Keypad/keypad.o
 .debug_ranges  0x0000000000000030       0x50 ECUAL/LCD/lcd.o
 .debug_ranges  0x0000000000000080       0x10 main.o
 .debug_ranges  0x0000000000000090       0x50 MCAL/DIO/DIO.o
 .debug_ranges  0x00000000000000e0       0x88 MCAL/timer/timer.o

.debug_macro
 *(.debug_macro)
OUTPUT(Guessing Game v2.elf elf32-avr)
LOAD linker stubs
LOAD data_init

.note.gnu.avr.deviceinfo
                0x0000000000000000       0x3c
 .note.gnu.avr.deviceinfo
                0x0000000000000000       0x3c E:/AtmelStudio/7.0/Packs/atmel/ATmega_DFP/1.6.364/xc8/avr/lib/avr5/memx-const/crtatmega32.o

.bss.g_callBackPtrTimer2CTC
                0x0000000000800070        0x2
 .bss.g_callBackPtrTimer2CTC
                0x0000000000800070        0x2 MCAL/timer/timer.o

.bss.g_callBackPtrTimer1COMPA
                0x0000000000800072        0x2
 .bss.g_callBackPtrTimer1COMPA
                0x0000000000800072        0x2 MCAL/timer/timer.o

.bss.g_callBackPtrTimer0CTC
                0x0000000000800074        0x2
 .bss.g_callBackPtrTimer0CTC
                0x0000000000800074        0x2 MCAL/timer/timer.o

.progmemx.data  0x00000000000000b4       0x35
 .progmemx.data
                0x00000000000000b4       0x35 main.o

.text.DIO_SetPinDirection
                0x00000000000000ea       0xea
 .text.DIO_SetPinDirection
                0x00000000000000ea       0xea MCAL/DIO/DIO.o
                0x00000000000000ea                DIO_SetPinDirection

.text.DIO_SetPinValue
                0x00000000000001d4       0xea
 .text.DIO_SetPinValue
                0x00000000000001d4       0xea MCAL/DIO/DIO.o
                0x00000000000001d4                DIO_SetPinValue

.text.Timer_start
                0x00000000000002be       0xe8
 .text.Timer_start
                0x00000000000002be       0xe8 MCAL/timer/timer.o
                0x00000000000002be                Timer_start

.text.main      0x00000000000003a6       0xc8
 .text.main     0x00000000000003a6       0xc8 main.o
                0x00000000000003a6                main

.text.delay_us  0x000000000000046e       0x84
 .text.delay_us
                0x000000000000046e       0x84 ECUAL/Delay/delay.o
                0x000000000000046e                delay_us

.text.delay_ms  0x00000000000004f2       0x80
 .text.delay_ms
                0x00000000000004f2       0x80 ECUAL/Delay/delay.o
                0x00000000000004f2                delay_ms

.text.tostring  0x0000000000000572       0x72
 .text.tostring
                0x0000000000000572       0x72 ECUAL/LCD/lcd.o
                0x0000000000000572                tostring

.text.KeyPad_getPressedKey
                0x00000000000005e4       0x6a
 .text.KeyPad_getPressedKey
                0x00000000000005e4       0x6a ECUAL/Keypad/keypad.o
                0x00000000000005e4                KeyPad_getPressedKey

.text.DIO_GetPinValue
                0x000000000000064e       0x5c
 .text.DIO_GetPinValue
                0x000000000000064e       0x5c MCAL/DIO/DIO.o
                0x000000000000064e                DIO_GetPinValue

.text.LCD_sendCommand
                0x00000000000006aa       0x58
 .text.LCD_sendCommand
                0x00000000000006aa       0x58 ECUAL/LCD/lcd.o
                0x00000000000006aa                LCD_sendCommand

.text.LCD_displayCharacter
                0x0000000000000702       0x58
 .text.LCD_displayCharacter
                0x0000000000000702       0x58 ECUAL/LCD/lcd.o
                0x0000000000000702                LCD_displayCharacter

.text.DIO_SetPortDirection
                0x000000000000075a       0x58
 .text.DIO_SetPortDirection
                0x000000000000075a       0x58 MCAL/DIO/DIO.o
                0x000000000000075a                DIO_SetPortDirection

.text.__vector_10
                0x00000000000007b2       0x4e
 .text.__vector_10
                0x00000000000007b2       0x4e MCAL/timer/timer.o
                0x00000000000007b2                __vector_10

.text.__vector_4
                0x0000000000000800       0x4e
 .text.__vector_4
                0x0000000000000800       0x4e MCAL/timer/timer.o
                0x0000000000000800                __vector_4

.text.__vector_7
                0x000000000000084e       0x4e
 .text.__vector_7
                0x000000000000084e       0x4e MCAL/timer/timer.o
                0x000000000000084e                __vector_7

.text.LCD_init  0x000000000000089c       0x4a
 .text.LCD_init
                0x000000000000089c       0x4a ECUAL/LCD/lcd.o
                0x000000000000089c                LCD_init

.text.LCD_displayString
                0x00000000000008e6       0x36
 .text.LCD_displayString
                0x00000000000008e6       0x36 ECUAL/LCD/lcd.o
                0x00000000000008e6                LCD_displayString

.text.LCD_goToRowColumn
                0x000000000000091c       0x2e
 .text.LCD_goToRowColumn
                0x000000000000091c       0x2e ECUAL/LCD/lcd.o
                0x000000000000091c                LCD_goToRowColumn

.text.DIO_SetPortValue
                0x000000000000094a       0x20
 .text.DIO_SetPortValue
                0x000000000000094a       0x20 MCAL/DIO/DIO.o
                0x000000000000094a                DIO_SetPortValue

.text.LCD_displayStringRowColumn
                0x000000000000096a       0x1e
 .text.LCD_displayStringRowColumn
                0x000000000000096a       0x1e ECUAL/LCD/lcd.o
                0x000000000000096a                LCD_displayStringRowColumn

.text.KeyPad_4x3_adjustKeyNumber
                0x0000000000000988       0x18
 .text.KeyPad_4x3_adjustKeyNumber
                0x0000000000000988       0x18 ECUAL/Keypad/keypad.o

.text.Timer1A_CTC_flag
                0x00000000000009a0       0x10
 .text.Timer1A_CTC_flag
                0x00000000000009a0       0x10 MCAL/timer/timer.o
                0x00000000000009a0                Timer1A_CTC_flag

.text.LCD_clearScreen
                0x00000000000009b0        0x8
 .text.LCD_clearScreen
                0x00000000000009b0        0x8 ECUAL/LCD/lcd.o
                0x00000000000009b0                LCD_clearScreen

.text           0x00000000000009b8        0x4
 .text          0x00000000000009b8        0x4 E:/AtmelStudio/7.0/Packs/atmel/ATmega_DFP/1.6.364/xc8/avr/lib/avr5/memx-const/crtatmega32.o
                0x00000000000009b8                __vector_1
                0x00000000000009b8                __vector_12
                0x00000000000009b8                __bad_interrupt
                0x00000000000009b8                __vector_6
                0x00000000000009b8                __vector_3
                0x00000000000009b8                __vector_11
                0x00000000000009b8                __vector_13
                0x00000000000009b8                __vector_17
                0x00000000000009b8                __vector_19
                0x00000000000009b8                __vector_5
                0x00000000000009b8                __vector_9
                0x00000000000009b8                __vector_2
                0x00000000000009b8                __vector_15
                0x00000000000009b8                __vector_8
                0x00000000000009b8                __vector_14
                0x00000000000009b8                __vector_16
                0x00000000000009b8                __vector_18
                0x00000000000009b8                __vector_20

.rodata         0x0000000000800060       0x10 load address 0x00000000000009bc
 .rodata        0x0000000000800060       0x10 ECUAL/Delay/delay.o
